
Running 70 tests using 4 workers

Homepage loaded in 1210ms
  Ô£ô   4 tests\performance.spec.js:4:3 ÔÇ║ Performance ÔÇ║ homepage loads in reasonable time (1.9s)
Found 0 internal links
  Ô£ÿ   2 tests\links.spec.js:4:3 ÔÇ║ Link Validation ÔÇ║ all internal links are valid (2.1s)
  Ô£ÿ   1 tests\content.spec.js:4:3 ÔÇ║ Content & Formatting ÔÇ║ code blocks render with syntax highlighting (1.6s)
  Ô£ÿ   3 tests\navigation.spec.js:4:3 ÔÇ║ Navigation Integrity ÔÇ║ navigation sidebar renders without errors (2.3s)
Documentation page loaded in 934ms
  Ô£ô   5 tests\performance.spec.js:15:3 ÔÇ║ Performance ÔÇ║ documentation page loads quickly (1.2s)
  Ô£ÿ   6 tests\performance.spec.js:26:3 ÔÇ║ Performance ÔÇ║ build completes without errors (1.8s)
  Ô£ô   8 tests\content.spec.js:14:3 ÔÇ║ Content & Formatting ÔÇ║ tables display correctly (1.4s)
  Ô£ô   7 tests\navigation.spec.js:15:3 ÔÇ║ Navigation Integrity ÔÇ║ main navigation sections are visible (1.8s)
  Ô£ô   9 tests\links.spec.js:28:3 ÔÇ║ Link Validation ÔÇ║ navigation links work correctly (1.8s)
  Ô£ô  11 tests\navigation.spec.js:27:3 ÔÇ║ Navigation Integrity ÔÇ║ breadcrumb navigation works correctly (1.1s)
  Ô£ô  10 tests\content.spec.js:29:3 ÔÇ║ Content & Formatting ÔÇ║ images load correctly (2.2s)
  Ô£ô  12 tests\links.spec.js:45:3 ÔÇ║ Link Validation ÔÇ║ documentation links are structured correctly (1.6s)
  Ô£ô  13 tests\performance.spec.js:45:3 ÔÇ║ Performance ÔÇ║ images are optimized (1.8s)
  Ô£ô  15 tests\content.spec.js:52:3 ÔÇ║ Content & Formatting ÔÇ║ headings generate valid anchors (1.4s)
  Ô£ô  16 tests\links.spec.js:61:3 ÔÇ║ Link Validation ÔÇ║ external links use HTTPS (1.6s)
Total resources: 10
  Ô£ô  17 tests\performance.spec.js:62:3 ÔÇ║ Performance ÔÇ║ CSS and JS are properly minified (1.2s)
  Ô£ô  18 tests\content.spec.js:66:3 ÔÇ║ Content & Formatting ÔÇ║ emphasis and strong text render correctly (1.2s)
  Ô£ô  19 tests\links.spec.js:72:3 ÔÇ║ Link Validation ÔÇ║ anchor links within page work (1.2s)
First Contentful Paint: 420ms
  Ô£ô  20 tests\performance.spec.js:78:3 ÔÇ║ Performance ÔÇ║ first contentful paint is quick (1.2s)
  Ô£ô  21 tests\content.spec.js:76:3 ÔÇ║ Content & Formatting ÔÇ║ lists render correctly (1.2s)
  Ô£ô  24 tests\content.spec.js:88:3 ÔÇ║ Content & Formatting ÔÇ║ code snippets have language class (1.1s)
  Ô£ô  22 tests\links.spec.js:88:3 ÔÇ║ Link Validation ÔÇ║ no broken internal links in mkdocs.yml navigation (4.0s)
  Ô£ô  25 tests\content.spec.js:102:3 ÔÇ║ Content & Formatting ÔÇ║ blockquotes render correctly (1.9s)
  Ô£ÿ  14 tests\navigation.spec.js:36:3 ÔÇ║ Navigation Integrity ÔÇ║ navigation preserves scroll position on nested pages (6.3s)
  Ô£ô  27 tests\content.spec.js:112:3 ÔÇ║ Content & Formatting ÔÇ║ links in content are styled (1.2s)
  Ô£ÿ  26 tests\responsive.spec.js:4:3 ÔÇ║ Responsive Design ÔÇ║ page renders on mobile (375px width) (1.6s)
  Ô£ô  28 tests\content.spec.js:123:3 ÔÇ║ Content & Formatting ÔÇ║ code has proper line wrapping (998ms)
  Ô£ô  29 tests\content.spec.js:134:3 ÔÇ║ Content & Formatting ÔÇ║ navigation Quick Links work (989ms)
  Ô£ô  31 tests\navigation.spec.js:41:3 ÔÇ║ Navigation Integrity ÔÇ║ homepage navigation links to all main sections (1.4s)
  Ô£ô  30 tests\search.spec.js:4:3 ÔÇ║ Search Functionality ÔÇ║ search box is visible on all pages (2.5s)
  Ô£ô  34 tests\search.spec.js:18:3 ÔÇ║ Search Functionality ÔÇ║ search returns results for common terms (1.9s)
  Ô£ÿ  32 tests\responsive.spec.js:17:3 ÔÇ║ Responsive Design ÔÇ║ page renders on tablet (768px width) (1.7s)
  Ô£ô  35 tests\search.spec.js:36:3 ÔÇ║ Search Functionality ÔÇ║ search index is accessible (2.2s)
  Ô£ÿ  36 tests\responsive.spec.js:25:3 ÔÇ║ Responsive Design ÔÇ║ page renders on desktop (1280px width) (1.3s)
  Ô£ô  37 tests\search.spec.js:47:3 ÔÇ║ Search Functionality ÔÇ║ search results are navigable (1.6s)
  Ô£ô  33 tests\navigation.spec.js:51:3 ÔÇ║ Navigation Integrity ÔÇ║ search box is accessible in navigation (6.4s)
  Ô£ô  38 tests\search.spec.js:63:3 ÔÇ║ Search Functionality ÔÇ║ search is case-insensitive (1.8s)
  Ô£ô  40 tests\search.spec.js:84:3 ÔÇ║ Search Functionality ÔÇ║ search handles special characters (1.6s)
  Ô£ô  41 tests\responsive.spec.js:33:3 ÔÇ║ Responsive Design ÔÇ║ navigation adapts to mobile (1.6s)
  Ô£ô  42 tests\search.spec.js:99:3 ÔÇ║ Search Functionality ÔÇ║ search can be cleared (1.0s)
  Ô£ô  43 tests\responsive.spec.js:45:3 ÔÇ║ Responsive Design ÔÇ║ code blocks are readable on mobile (998ms)
  Ô£ÿ  44 tests\search.spec.js:113:3 ÔÇ║ Search Functionality ÔÇ║ search functionality degrades gracefully without JavaScript (1.1s)
  Ô£ô  45 tests\responsive.spec.js:62:3 ÔÇ║ Responsive Design ÔÇ║ tables are responsive (953ms)
  Ô£ô  46 tests\responsive.spec.js:73:3 ÔÇ║ Responsive Design ÔÇ║ images scale appropriately (998ms)
  Ô£ô  47 tests\responsive.spec.js:88:3 ÔÇ║ Responsive Design ÔÇ║ text is readable on mobile (977ms)
  Ô£ô  49 tests\responsive.spec.js:97:3 ÔÇ║ Responsive Design ÔÇ║ buttons and links are touch-friendly (1.3s)
  Ô£ÿ  48 tests\search.spec.js:122:3 ÔÇ║ Search Functionality ÔÇ║ search results include page titles (1.5s)
  Ô£ô  50 tests\responsive.spec.js:112:3 ÔÇ║ Responsive Design ÔÇ║ no layout shift on page load (2.2s)
  Ô£ô  52 tests\smoke.spec.js:3:1 ÔÇ║ homepage has site name in title (1.2s)
  Ô£ô  51 tests\smoke-extended.spec.js:4:3 ÔÇ║ General Smoke Tests ÔÇ║ homepage loads successfully (1.0s)
  Ô£ô  53 tests\smoke-extended.spec.js:9:3 ÔÇ║ General Smoke Tests ÔÇ║ main content sections exist (876ms)
  Ô£ÿ  54 tests\smoke-extended.spec.js:16:3 ÔÇ║ General Smoke Tests ÔÇ║ documentation index loads (822ms)
  Ô£ÿ  23 tests\performance.spec.js:93:3 ÔÇ║ Performance ÔÇ║ no memory leaks in navigation (30.1s)
  Ô£ô  56 tests\smoke-extended.spec.js:23:3 ÔÇ║ General Smoke Tests ÔÇ║ PR section is accessible (981ms)
  Ô£ô  55 tests\performance.spec.js:111:3 ÔÇ║ Performance ÔÇ║ search performs efficiently (1.7s)
  Ô£ô  57 tests\smoke-extended.spec.js:30:3 ÔÇ║ General Smoke Tests ÔÇ║ Functions section is accessible (767ms)
  Ô£ô  58 tests\performance.spec.js:127:3 ÔÇ║ Performance ÔÇ║ sidebar navigation does not cause layout thrashing (913ms)
  Ô£ô  59 tests\smoke-extended.spec.js:37:3 ÔÇ║ General Smoke Tests ÔÇ║ Data Structures section is accessible (799ms)
Console errors: 2
  Ô£ô  61 tests\smoke-extended.spec.js:44:3 ÔÇ║ General Smoke Tests ÔÇ║ Classes section is accessible (794ms)
  Ô£ô  60 tests\performance.spec.js:145:3 ÔÇ║ Performance ÔÇ║ no console errors on main pages (937ms)
  Ô£ô  62 tests\smoke-extended.spec.js:51:3 ÔÇ║ General Smoke Tests ÔÇ║ Advanced section is accessible (654ms)
  Ô£ô  63 tests\smoke-extended.spec.js:58:3 ÔÇ║ General Smoke Tests ÔÇ║ Moodle section is accessible (577ms)
  Ô£ô  64 tests\smoke-extended.spec.js:65:3 ÔÇ║ General Smoke Tests ÔÇ║ page metadata is correct (754ms)
Favicon present: true
  Ô£ô  65 tests\smoke-extended.spec.js:72:3 ÔÇ║ General Smoke Tests ÔÇ║ favicon is present (746ms)
  Ô£ô  66 tests\smoke-extended.spec.js:82:3 ÔÇ║ General Smoke Tests ÔÇ║ site title is consistent (1.1s)
Dark mode button available: false
  Ô£ô  67 tests\smoke-extended.spec.js:93:3 ÔÇ║ General Smoke Tests ÔÇ║ dark mode is available (704ms)
Last updated metadata present: false
Last updated metadata present: false
Last updated metadata present: false
  Ô£ô  68 tests\smoke-extended.spec.js:102:3 ÔÇ║ General Smoke Tests ÔÇ║ last updated metadata is present on pages (1.2s)
  Ô£ÿ  39 tests\navigation.spec.js:64:3 ÔÇ║ Navigation Integrity ÔÇ║ mobile menu navigation works (30.1s)
  Ô£ÿ  69 tests\navigation.spec.js:81:3 ÔÇ║ Navigation Integrity ÔÇ║ navigation items have correct URLs (863ms)
  Ô£ô  70 tests\navigation.spec.js:93:3 ÔÇ║ Navigation Integrity ÔÇ║ active navigation item is highlighted (734ms)


  1) tests\content.spec.js:4:3 ÔÇ║ Content & Formatting ÔÇ║ code blocks render with syntax highlighting 

    Error: [2mexpect([22m[31mreceived[39m[2m).[22mtoBeGreaterThan[2m([22m[32mexpected[39m[2m)[22m

    Expected: > [32m0[39m
    Received:   [31m0[39m

       6 |     
       7 |     const codeBlocks = await page.locator('code').count();
    >  8 |     expect(codeBlocks).toBeGreaterThan(0);
         |                        ^
       9 |     
      10 |     const preElements = await page.locator('pre').count();
      11 |     expect(preElements).toBeGreaterThan(0);
        at C:\Users\usuario\Desktop\Work\PHPRefresher\tests\content.spec.js:8:24

    Error Context: test-results\content-Content-Formatting-62bec-er-with-syntax-highlighting\error-context.md

  2) tests\links.spec.js:4:3 ÔÇ║ Link Validation ÔÇ║ all internal links are valid ÔöÇÔöÇÔöÇÔöÇÔöÇÔöÇÔöÇÔöÇÔöÇÔöÇÔöÇÔöÇÔöÇÔöÇÔöÇÔöÇÔöÇÔöÇÔöÇÔöÇÔöÇÔöÇ

    Error: [2mexpect([22m[31mreceived[39m[2m).[22mtoBeGreaterThan[2m([22m[32mexpected[39m[2m)[22m

    Expected: > [32m0[39m
    Received:   [31m0[39m

      23 |     }
      24 |     
    > 25 |     expect(checkedLinks).toBeGreaterThan(0);
         |                          ^
      26 |   });
      27 |
      28 |   test('navigation links work correctly', async ({ page }) => {
        at C:\Users\usuario\Desktop\Work\PHPRefresher\tests\links.spec.js:25:26

    Error Context: test-results\links-Link-Validation-all-internal-links-are-valid\error-context.md

  3) tests\navigation.spec.js:4:3 ÔÇ║ Navigation Integrity ÔÇ║ navigation sidebar renders without errors 

    Error: [2mexpect([22m[31mlocator[39m[2m).[22mtoBeVisible[2m([22m[2m)[22m failed

    Locator: locator('.md-nav')
    Expected: visible
    Error: strict mode violation: locator('.md-nav') resolved to 35 elements:
        1) <nav data-md-level="0" aria-label="Navigation" class="md-nav md-nav--primary md-nav--lifted">ÔÇª</nav> aka getByRole('navigation', { name: 'Navigation' })
        2) <nav class="md-nav" data-md-level="1" aria-label="Getting Started">ÔÇª</nav> aka getByText('Getting Started Introduction')
        3) <nav class="md-nav" data-md-level="1" aria-label="Best Practices">ÔÇª</nav> aka getByText('Best Practices Overview')
        4) <nav class="md-nav" data-md-level="1" aria-label="Basics">ÔÇª</nav> aka getByText('Basics General Variables and')
        5) <nav class="md-nav" data-md-level="2" aria-label="Variables and Assignments">ÔÇª</nav> aka getByText('Variables and Assignments Variables Data Types and Casting Variable Scope')
        6) <nav class="md-nav" data-md-level="2" aria-label="Strings">ÔÇª</nav> aka getByText('Strings Basics Functions')
        7) <nav class="md-nav" data-md-level="2" aria-label="Numbers">ÔÇª</nav> aka getByText('Numbers Basics Functions')
        8) <nav class="md-nav" data-md-level="2" aria-label="Control Flow">ÔÇª</nav> aka getByText('Control Flow Conditionals')
        9) <nav class="md-nav" data-md-level="1" aria-label="Functions">ÔÇª</nav> aka getByText('Functions Built-in Built-in')
        10) <nav class="md-nav" data-md-level="2" aria-label="Built-in">ÔÇª</nav> aka getByText('Built-in All Time n Date Time')
        ...

    Call log:
    [2m  - Expect "toBeVisible" with timeout 5000ms[22m
    [2m  - waiting for locator('.md-nav')[22m


       6 |     
       7 |     const navBar = page.locator('.md-nav');
    >  8 |     await expect(navBar).toBeVisible();
         |                          ^
       9 |     
      10 |     // Check that nav items exist
      11 |     const navItems = await page.locator('.md-nav li').count();
        at C:\Users\usuario\Desktop\Work\PHPRefresher\tests\navigation.spec.js:8:26

    Error Context: test-results\navigation-Navigation-Inte-a964b-ebar-renders-without-errors\error-context.md

  4) tests\navigation.spec.js:36:3 ÔÇ║ Navigation Integrity ÔÇ║ navigation preserves scroll position on nested pages 

    Error: [2mexpect([22m[31mlocator[39m[2m).[22mtoContainText[2m([22m[32mexpected[39m[2m)[22m failed

    Locator: locator('h1')
    Expected pattern: [32m/Class/[39m
    Received string:  [31m"404 - Not found"[39m
    Timeout: 5000ms

    Call log:
    [2m  - Expect "toContainText" with timeout 5000ms[22m
    [2m  - waiting for locator('h1')[22m
    [2m    8 ├ù locator resolved to <h1>404 - Not found</h1>[22m
    [2m      - unexpected value "404 - Not found"[22m


      36 |   test('navigation preserves scroll position on nested pages', async ({ page }) => {
      37 |     await page.goto('/Classes/phpCls/');
    > 38 |     await expect(page.locator('h1')).toContainText(/Class/);
         |                                      ^
      39 |   });
      40 |
      41 |   test('homepage navigation links to all main sections', async ({ page }) => {
        at C:\Users\usuario\Desktop\Work\PHPRefresher\tests\navigation.spec.js:38:38

    Error Context: test-results\navigation-Navigation-Inte-fd307-ll-position-on-nested-pages\error-context.md

  5) tests\navigation.spec.js:64:3 ÔÇ║ Navigation Integrity ÔÇ║ mobile menu navigation works ÔöÇÔöÇÔöÇÔöÇÔöÇÔöÇÔöÇÔöÇÔöÇÔöÇÔöÇ

    [31mTest timeout of 30000ms exceeded.[39m

    Error: locator.click: Test timeout of 30000ms exceeded.
    Call log:
    [2m  - waiting for locator('[aria-label*="menu"], .md-nav__button').first()[22m
    [2m    - locator resolved to <a href="." title="PHP Refresher" data-md-component="logo" aria-label="PHP Refresher" class="md-nav__button md-logo">ÔÇª</a>[22m
    [2m  - attempting click action[22m
    [2m    2 ├ù waiting for element to be visible, enabled and stable[22m
    [2m      - element is visible, enabled and stable[22m
    [2m      - scrolling into view if needed[22m
    [2m      - done scrolling[22m
    [2m      - element is outside of the viewport[22m
    [2m    - retrying click action[22m
    [2m    - waiting 20ms[22m
    [2m    2 ├ù waiting for element to be visible, enabled and stable[22m
    [2m      - element is visible, enabled and stable[22m
    [2m      - scrolling into view if needed[22m
    [2m      - done scrolling[22m
    [2m      - element is outside of the viewport[22m
    [2m    - retrying click action[22m
    [2m      - waiting 100ms[22m
    [2m    54 ├ù waiting for element to be visible, enabled and stable[22m
    [2m       - element is visible, enabled and stable[22m
    [2m       - scrolling into view if needed[22m
    [2m       - done scrolling[22m
    [2m       - element is outside of the viewport[22m
    [2m     - retrying click action[22m
    [2m       - waiting 500ms[22m


      72 |     
      73 |     if (await mobileMenuButton.isVisible().catch(() => false)) {
    > 74 |       await mobileMenuButton.click();
         |                              ^
      75 |       // Navigation should toggle
      76 |       const nav = page.locator('.md-nav');
      77 |       await expect(nav).toBeVisible();
        at C:\Users\usuario\Desktop\Work\PHPRefresher\tests\navigation.spec.js:74:30

    Error Context: test-results\navigation-Navigation-Integrity-mobile-menu-navigation-works\error-context.md

  6) tests\navigation.spec.js:81:3 ÔÇ║ Navigation Integrity ÔÇ║ navigation items have correct URLs ÔöÇÔöÇÔöÇÔöÇÔöÇ

    Error: [2mexpect([22m[31mreceived[39m[2m).[22mtoMatch[2m([22m[32mexpected[39m[2m)[22m

    Expected pattern: [32m/^\/|^http/[39m
    Received string:  [31m"."[39m

      87 |       const href = await link.getAttribute('href');
      88 |       expect(href).toBeTruthy();
    > 89 |       expect(href).toMatch(/^\/|^http/);
         |                    ^
      90 |     }
      91 |   });
      92 |
        at C:\Users\usuario\Desktop\Work\PHPRefresher\tests\navigation.spec.js:89:20

    Error Context: test-results\navigation-Navigation-Inte-b3090-ion-items-have-correct-URLs\error-context.md

  7) tests\performance.spec.js:26:3 ÔÇ║ Performance ÔÇ║ build completes without errors ÔöÇÔöÇÔöÇÔöÇÔöÇÔöÇÔöÇÔöÇÔöÇÔöÇÔöÇÔöÇÔöÇÔöÇÔöÇÔöÇÔöÇ

    Error: [2mexpect([22m[31mreceived[39m[2m).[22mtoBeLessThan[2m([22m[32mexpected[39m[2m)[22m

    Expected: < [32m400[39m
    Received:   [31m404[39m

      39 |     for (const testPage of pages) {
      40 |       const response = await page.goto(testPage);
    > 41 |       expect(response.status()).toBeLessThan(400);
         |                                 ^
      42 |     }
      43 |   });
      44 |
        at C:\Users\usuario\Desktop\Work\PHPRefresher\tests\performance.spec.js:41:33

    Error Context: test-results\performance-Performance-build-completes-without-errors\error-context.md

  8) tests\performance.spec.js:93:3 ÔÇ║ Performance ÔÇ║ no memory leaks in navigation ÔöÇÔöÇÔöÇÔöÇÔöÇÔöÇÔöÇÔöÇÔöÇÔöÇÔöÇÔöÇÔöÇÔöÇÔöÇÔöÇÔöÇÔöÇ

    [31mTest timeout of 30000ms exceeded.[39m

    Error: page.waitForLoadState: Test timeout of 30000ms exceeded.

      102 |     for (const testPage of pages) {
      103 |       await page.goto(testPage);
    > 104 |       await page.waitForLoadState('networkidle');
          |                  ^
      105 |     }
      106 |     
      107 |     // If we reach here without crashing, navigation is stable
        at C:\Users\usuario\Desktop\Work\PHPRefresher\tests\performance.spec.js:104:18

    Error Context: test-results\performance-Performance-no-memory-leaks-in-navigation\error-context.md

  9) tests\responsive.spec.js:4:3 ÔÇ║ Responsive Design ÔÇ║ page renders on mobile (375px width) ÔöÇÔöÇÔöÇÔöÇÔöÇÔöÇÔöÇ

    Error: [2mexpect([22m[31mlocator[39m[2m).[22mtoBeVisible[2m([22m[2m)[22m failed

    Locator: locator('main, article, .md-content')
    Expected: visible
    Error: strict mode violation: locator('main, article, .md-content') resolved to 3 elements:
        1) <main class="md-main" data-md-component="main">ÔÇª</main> aka getByRole('main')
        2) <div class="md-content" data-md-component="content">ÔÇª</div> aka locator('div').filter({ hasText: 'Welcome to PHP Refresher Last' }).nth(2)
        3) <article class="md-content__inner md-typeset">ÔÇª</article> aka getByText('Welcome to PHP Refresher Last')

    Call log:
    [2m  - Expect "toBeVisible" with timeout 5000ms[22m
    [2m  - waiting for locator('main, article, .md-content')[22m


       8 |     // Main content should still be accessible
       9 |     const mainContent = page.locator('main, article, .md-content');
    > 10 |     await expect(mainContent).toBeVisible();
         |                               ^
      11 |     
      12 |     // No horizontal overflow
      13 |     const bodyWidth = await page.evaluate(() => document.body.scrollWidth);
        at C:\Users\usuario\Desktop\Work\PHPRefresher\tests\responsive.spec.js:10:31

    Error Context: test-results\responsive-Responsive-Desi-66e49-ders-on-mobile-375px-width-\error-context.md

  10) tests\responsive.spec.js:17:3 ÔÇ║ Responsive Design ÔÇ║ page renders on tablet (768px width) ÔöÇÔöÇÔöÇÔöÇÔöÇ

    Error: [2mexpect([22m[31mlocator[39m[2m).[22mtoBeVisible[2m([22m[2m)[22m failed

    Locator: locator('main, article, .md-content')
    Expected: visible
    Error: strict mode violation: locator('main, article, .md-content') resolved to 3 elements:
        1) <main class="md-main" data-md-component="main">ÔÇª</main> aka getByRole('main')
        2) <div class="md-content" data-md-component="content">ÔÇª</div> aka locator('div').filter({ hasText: 'Welcome to PHP Refresher Last' }).nth(2)
        3) <article class="md-content__inner md-typeset">ÔÇª</article> aka getByText('Welcome to PHP Refresher Last')

    Call log:
    [2m  - Expect "toBeVisible" with timeout 5000ms[22m
    [2m  - waiting for locator('main, article, .md-content')[22m


      20 |     
      21 |     const mainContent = page.locator('main, article, .md-content');
    > 22 |     await expect(mainContent).toBeVisible();
         |                               ^
      23 |   });
      24 |
      25 |   test('page renders on desktop (1280px width)', async ({ page }) => {
        at C:\Users\usuario\Desktop\Work\PHPRefresher\tests\responsive.spec.js:22:31

    Error Context: test-results\responsive-Responsive-Desi-9c06a-ders-on-tablet-768px-width-\error-context.md

  11) tests\responsive.spec.js:25:3 ÔÇ║ Responsive Design ÔÇ║ page renders on desktop (1280px width) ÔöÇÔöÇÔöÇ

    Error: [2mexpect([22m[31mlocator[39m[2m).[22mtoBeVisible[2m([22m[2m)[22m failed

    Locator: locator('main, article, .md-content')
    Expected: visible
    Error: strict mode violation: locator('main, article, .md-content') resolved to 3 elements:
        1) <main class="md-main" data-md-component="main">ÔÇª</main> aka getByRole('main')
        2) <div class="md-content" data-md-component="content">ÔÇª</div> aka locator('div').filter({ hasText: 'Welcome to PHP Refresher Last' }).nth(2)
        3) <article class="md-content__inner md-typeset">ÔÇª</article> aka getByText('Welcome to PHP Refresher Last')

    Call log:
    [2m  - Expect "toBeVisible" with timeout 5000ms[22m
    [2m  - waiting for locator('main, article, .md-content')[22m


      28 |     
      29 |     const mainContent = page.locator('main, article, .md-content');
    > 30 |     await expect(mainContent).toBeVisible();
         |                               ^
      31 |   });
      32 |
      33 |   test('navigation adapts to mobile', async ({ page }) => {
        at C:\Users\usuario\Desktop\Work\PHPRefresher\tests\responsive.spec.js:30:31

    Error Context: test-results\responsive-Responsive-Desi-bf843-rs-on-desktop-1280px-width-\error-context.md

  12) tests\search.spec.js:113:3 ÔÇ║ Search Functionality ÔÇ║ search functionality degrades gracefully without JavaScript 

    Error: [2mexpect([22m[31mlocator[39m[2m).[22mtoBeVisible[2m([22m[2m)[22m failed

    Locator: locator('main, article, .md-content')
    Expected: visible
    Error: strict mode violation: locator('main, article, .md-content') resolved to 3 elements:
        1) <main class="md-main" data-md-component="main">ÔÇª</main> aka getByRole('main')
        2) <div class="md-content" data-md-component="content">ÔÇª</div> aka locator('div').filter({ hasText: 'Welcome to PHP Refresher Last' }).nth(2)
        3) <article class="md-content__inner md-typeset">ÔÇª</article> aka getByText('Welcome to PHP Refresher Last')

    Call log:
    [2m  - Expect "toBeVisible" with timeout 5000ms[22m
    [2m  - waiting for locator('main, article, .md-content')[22m


      117 |     // Page should load without search if needed
      118 |     const mainContent = page.locator('main, article, .md-content');
    > 119 |     await expect(mainContent).toBeVisible();
          |                               ^
      120 |   });
      121 |
      122 |   test('search results include page titles', async ({ page }) => {
        at C:\Users\usuario\Desktop\Work\PHPRefresher\tests\search.spec.js:119:31

    Error Context: test-results\search-Search-Functionalit-e7f5d-acefully-without-JavaScript\error-context.md

  13) tests\search.spec.js:122:3 ÔÇ║ Search Functionality ÔÇ║ search results include page titles ÔöÇÔöÇÔöÇÔöÇÔöÇÔöÇÔöÇ

    Error: [2mexpect([22m[31mreceived[39m[2m).[22mtoContain[2m([22m[32mexpected[39m[2m) // indexOf[22m

    Expected substring: [32m"Variable"[39m
    Received string:    [31m"PHP Refresher"[39m

      127 |     const title = await page.title();
      128 |     
    > 129 |     expect(title).toContain('Variable');
          |                   ^
      130 |   });
      131 | });
      132 |
        at C:\Users\usuario\Desktop\Work\PHPRefresher\tests\search.spec.js:129:19

    Error Context: test-results\search-Search-Functionalit-3632e-results-include-page-titles\error-context.md

  14) tests\smoke-extended.spec.js:16:3 ÔÇ║ General Smoke Tests ÔÇ║ documentation index loads ÔöÇÔöÇÔöÇÔöÇÔöÇÔöÇÔöÇÔöÇÔöÇÔöÇ

    Error: [2mexpect([22m[31mlocator[39m[2m).[22mtoBeVisible[2m([22m[2m)[22m failed

    Locator: locator('main, article, .md-content')
    Expected: visible
    Error: strict mode violation: locator('main, article, .md-content') resolved to 3 elements:
        1) <main class="md-main" data-md-component="main">ÔÇª</main> aka getByRole('main')
        2) <div class="md-content" data-md-component="content">ÔÇª</div> aka locator('div').filter({ hasText: '- Not found' }).nth(2)
        3) <article class="md-content__inner md-typeset">ÔÇª</article> aka getByRole('article')

    Call log:
    [2m  - Expect "toBeVisible" with timeout 5000ms[22m
    [2m  - waiting for locator('main, article, .md-content')[22m


      18 |     
      19 |     const mainContent = page.locator('main, article, .md-content');
    > 20 |     await expect(mainContent).toBeVisible();
         |                               ^
      21 |   });
      22 |
      23 |   test('PR section is accessible', async ({ page }) => {
        at C:\Users\usuario\Desktop\Work\PHPRefresher\tests\smoke-extended.spec.js:20:31

    Error Context: test-results\smoke-extended-General-Smoke-Tests-documentation-index-loads\error-context.md

  14 failed
    tests\content.spec.js:4:3 ÔÇ║ Content & Formatting ÔÇ║ code blocks render with syntax highlighting ÔöÇ
    tests\links.spec.js:4:3 ÔÇ║ Link Validation ÔÇ║ all internal links are valid ÔöÇÔöÇÔöÇÔöÇÔöÇÔöÇÔöÇÔöÇÔöÇÔöÇÔöÇÔöÇÔöÇÔöÇÔöÇÔöÇÔöÇÔöÇÔöÇÔöÇÔöÇÔöÇÔöÇ
    tests\navigation.spec.js:4:3 ÔÇ║ Navigation Integrity ÔÇ║ navigation sidebar renders without errors 
    tests\navigation.spec.js:36:3 ÔÇ║ Navigation Integrity ÔÇ║ navigation preserves scroll position on nested pages 
    tests\navigation.spec.js:64:3 ÔÇ║ Navigation Integrity ÔÇ║ mobile menu navigation works ÔöÇÔöÇÔöÇÔöÇÔöÇÔöÇÔöÇÔöÇÔöÇÔöÇÔöÇÔöÇ
    tests\navigation.spec.js:81:3 ÔÇ║ Navigation Integrity ÔÇ║ navigation items have correct URLs ÔöÇÔöÇÔöÇÔöÇÔöÇÔöÇ
    tests\performance.spec.js:26:3 ÔÇ║ Performance ÔÇ║ build completes without errors ÔöÇÔöÇÔöÇÔöÇÔöÇÔöÇÔöÇÔöÇÔöÇÔöÇÔöÇÔöÇÔöÇÔöÇÔöÇÔöÇÔöÇÔöÇ
    tests\performance.spec.js:93:3 ÔÇ║ Performance ÔÇ║ no memory leaks in navigation ÔöÇÔöÇÔöÇÔöÇÔöÇÔöÇÔöÇÔöÇÔöÇÔöÇÔöÇÔöÇÔöÇÔöÇÔöÇÔöÇÔöÇÔöÇÔöÇ
    tests\responsive.spec.js:4:3 ÔÇ║ Responsive Design ÔÇ║ page renders on mobile (375px width) ÔöÇÔöÇÔöÇÔöÇÔöÇÔöÇÔöÇÔöÇ
    tests\responsive.spec.js:17:3 ÔÇ║ Responsive Design ÔÇ║ page renders on tablet (768px width) ÔöÇÔöÇÔöÇÔöÇÔöÇÔöÇÔöÇ
    tests\responsive.spec.js:25:3 ÔÇ║ Responsive Design ÔÇ║ page renders on desktop (1280px width) ÔöÇÔöÇÔöÇÔöÇÔöÇ
    tests\search.spec.js:113:3 ÔÇ║ Search Functionality ÔÇ║ search functionality degrades gracefully without JavaScript 
    tests\search.spec.js:122:3 ÔÇ║ Search Functionality ÔÇ║ search results include page titles ÔöÇÔöÇÔöÇÔöÇÔöÇÔöÇÔöÇÔöÇÔöÇ
    tests\smoke-extended.spec.js:16:3 ÔÇ║ General Smoke Tests ÔÇ║ documentation index loads ÔöÇÔöÇÔöÇÔöÇÔöÇÔöÇÔöÇÔöÇÔöÇÔöÇÔöÇÔöÇ
  56 passed (1.1m)
